[designcollection.in/codecanyon/my-navbar/top-navbar-5840e.html]
[backblue.gif]
[fade.gif]
[index.html]
[designcollection.in/codecanyon/my-navbar/image/landscape.jpg]
[designcollection.in/codecanyon/my-navbar/js/jquery.min.js]
[designcollection.in/codecanyon/my-navbar/js/bootstrap.min.js]
[designcollection.in/codecanyon/my-navbar/js/nav-js-3/jquery.waypoints.min.js]
[designcollection.in/codecanyon/my-navbar/js/nav-js-3/custom-nav-scroll.js]
[designcollection.in/codecanyon/my-navbar/top-navbar-5840e.html]
[designcollection.in/codecanyon/my-navbar/css/bootstrap.min.css]
[designcollection.in/codecanyon/my-navbar/css/demo-5/top-navbar-5.css]
[designcollection.in/codecanyon/my-navbar/fonts/fontawesome-webfont862f.eot]
[designcollection.in/codecanyon/my-navbar/fonts/fontawesome-webfontd41d.eot]
[designcollection.in/codecanyon/my-navbar/fonts/fontawesome-webfont862f.woff]
[designcollection.in/codecanyon/my-navbar/fonts/fontawesome-webfont862f.ttf]
[designcollection.in/codecanyon/my-navbar/css/font-awesome.min.css]
[designcollection.in/codecanyon/my-navbar/fonts/glyphicons-halflings-regular.html]
[designcollection.in/codecanyon/my-navbar/fonts/glyphicons-halflings-regulard41d.html]
[designcollection.in/codecanyon/my-navbar/fonts/glyphicons-halflings-regular-2.html]
[designcollection.in/codecanyon/my-navbar/fonts/glyphicons-halflings-regular-3.html]
[designcollection.in/codecanyon/my-navbar/fonts/glyphicons-halflings-regular-4.html]
[designcollection.in/codecanyon/my-navbar/fonts/glyphicons-halflings-regular-5.html]
[designcollection.in/codecanyon/my-navbar/fonts/fontawesome-webfont862f.svg]
